Archive member included to satisfy reference by file (symbol)

/home/bdang/toolchains/gcc-arm-none-eabi-14.3/bin/../lib/gcc/arm-none-eabi/14.3.1/../../../../arm-none-eabi/lib/thumb/v7e-m+fp/hard/libc_nano.a(libc_a-exit.o)
                              /home/bdang/toolchains/gcc-arm-none-eabi-14.3/bin/../lib/gcc/arm-none-eabi/14.3.1/../../../../arm-none-eabi/lib/thumb/v7e-m+fp/hard/crt0.o (exit)
/home/bdang/toolchains/gcc-arm-none-eabi-14.3/bin/../lib/gcc/arm-none-eabi/14.3.1/../../../../arm-none-eabi/lib/thumb/v7e-m+fp/hard/libc_nano.a(libc_a-findfp.o)
                              /home/bdang/toolchains/gcc-arm-none-eabi-14.3/bin/../lib/gcc/arm-none-eabi/14.3.1/../../../../arm-none-eabi/lib/thumb/v7e-m+fp/hard/libc_nano.a(libc_a-exit.o) (__stdio_exit_handler)
/home/bdang/toolchains/gcc-arm-none-eabi-14.3/bin/../lib/gcc/arm-none-eabi/14.3.1/../../../../arm-none-eabi/lib/thumb/v7e-m+fp/hard/libc_nano.a(libc_a-fwalk.o)
                              /home/bdang/toolchains/gcc-arm-none-eabi-14.3/bin/../lib/gcc/arm-none-eabi/14.3.1/../../../../arm-none-eabi/lib/thumb/v7e-m+fp/hard/libc_nano.a(libc_a-findfp.o) (_fwalk_sglue)
/home/bdang/toolchains/gcc-arm-none-eabi-14.3/bin/../lib/gcc/arm-none-eabi/14.3.1/../../../../arm-none-eabi/lib/thumb/v7e-m+fp/hard/libc_nano.a(libc_a-stdio.o)
                              /home/bdang/toolchains/gcc-arm-none-eabi-14.3/bin/../lib/gcc/arm-none-eabi/14.3.1/../../../../arm-none-eabi/lib/thumb/v7e-m+fp/hard/libc_nano.a(libc_a-findfp.o) (__sread)
/home/bdang/toolchains/gcc-arm-none-eabi-14.3/bin/../lib/gcc/arm-none-eabi/14.3.1/../../../../arm-none-eabi/lib/thumb/v7e-m+fp/hard/libc_nano.a(libc_a-memset.o)
                              /home/bdang/toolchains/gcc-arm-none-eabi-14.3/bin/../lib/gcc/arm-none-eabi/14.3.1/../../../../arm-none-eabi/lib/thumb/v7e-m+fp/hard/crt0.o (memset)
/home/bdang/toolchains/gcc-arm-none-eabi-14.3/bin/../lib/gcc/arm-none-eabi/14.3.1/../../../../arm-none-eabi/lib/thumb/v7e-m+fp/hard/libc_nano.a(libc_a-closer.o)
                              /home/bdang/toolchains/gcc-arm-none-eabi-14.3/bin/../lib/gcc/arm-none-eabi/14.3.1/../../../../arm-none-eabi/lib/thumb/v7e-m+fp/hard/libc_nano.a(libc_a-stdio.o) (_close_r)
/home/bdang/toolchains/gcc-arm-none-eabi-14.3/bin/../lib/gcc/arm-none-eabi/14.3.1/../../../../arm-none-eabi/lib/thumb/v7e-m+fp/hard/libc_nano.a(libc_a-reent.o)
                              /home/bdang/toolchains/gcc-arm-none-eabi-14.3/bin/../lib/gcc/arm-none-eabi/14.3.1/../../../../arm-none-eabi/lib/thumb/v7e-m+fp/hard/libc_nano.a(libc_a-closer.o) (errno)
/home/bdang/toolchains/gcc-arm-none-eabi-14.3/bin/../lib/gcc/arm-none-eabi/14.3.1/../../../../arm-none-eabi/lib/thumb/v7e-m+fp/hard/libc_nano.a(libc_a-impure.o)
                              /home/bdang/toolchains/gcc-arm-none-eabi-14.3/bin/../lib/gcc/arm-none-eabi/14.3.1/../../../../arm-none-eabi/lib/thumb/v7e-m+fp/hard/libc_nano.a(libc_a-reent.o) (_impure_ptr)
/home/bdang/toolchains/gcc-arm-none-eabi-14.3/bin/../lib/gcc/arm-none-eabi/14.3.1/../../../../arm-none-eabi/lib/thumb/v7e-m+fp/hard/libc_nano.a(libc_a-lseekr.o)
                              /home/bdang/toolchains/gcc-arm-none-eabi-14.3/bin/../lib/gcc/arm-none-eabi/14.3.1/../../../../arm-none-eabi/lib/thumb/v7e-m+fp/hard/libc_nano.a(libc_a-stdio.o) (_lseek_r)
/home/bdang/toolchains/gcc-arm-none-eabi-14.3/bin/../lib/gcc/arm-none-eabi/14.3.1/../../../../arm-none-eabi/lib/thumb/v7e-m+fp/hard/libc_nano.a(libc_a-readr.o)
                              /home/bdang/toolchains/gcc-arm-none-eabi-14.3/bin/../lib/gcc/arm-none-eabi/14.3.1/../../../../arm-none-eabi/lib/thumb/v7e-m+fp/hard/libc_nano.a(libc_a-stdio.o) (_read_r)
/home/bdang/toolchains/gcc-arm-none-eabi-14.3/bin/../lib/gcc/arm-none-eabi/14.3.1/../../../../arm-none-eabi/lib/thumb/v7e-m+fp/hard/libc_nano.a(libc_a-writer.o)
                              /home/bdang/toolchains/gcc-arm-none-eabi-14.3/bin/../lib/gcc/arm-none-eabi/14.3.1/../../../../arm-none-eabi/lib/thumb/v7e-m+fp/hard/libc_nano.a(libc_a-stdio.o) (_write_r)
/home/bdang/toolchains/gcc-arm-none-eabi-14.3/bin/../lib/gcc/arm-none-eabi/14.3.1/../../../../arm-none-eabi/lib/thumb/v7e-m+fp/hard/libc_nano.a(libc_a-init.o)
                              /home/bdang/toolchains/gcc-arm-none-eabi-14.3/bin/../lib/gcc/arm-none-eabi/14.3.1/../../../../arm-none-eabi/lib/thumb/v7e-m+fp/hard/crt0.o (__libc_init_array)
/home/bdang/toolchains/gcc-arm-none-eabi-14.3/bin/../lib/gcc/arm-none-eabi/14.3.1/../../../../arm-none-eabi/lib/thumb/v7e-m+fp/hard/libc_nano.a(libc_a-lock.o)
                              /home/bdang/toolchains/gcc-arm-none-eabi-14.3/bin/../lib/gcc/arm-none-eabi/14.3.1/../../../../arm-none-eabi/lib/thumb/v7e-m+fp/hard/libc_nano.a(libc_a-findfp.o) (__retarget_lock_init_recursive)
/home/bdang/toolchains/gcc-arm-none-eabi-14.3/bin/../lib/gcc/arm-none-eabi/14.3.1/../../../../arm-none-eabi/lib/thumb/v7e-m+fp/hard/libc_nano.a(libc_a-freer.o)
[...]
Memory Configuration

Name             Origin             Length             Attributes
FLASH            0x08000000         0x00004000         xr
RAM              0x20000000         0x00010000         xrw
MEMORY_B1        0x60000000         0x00000000         xr
CCMRAM           0x10000000         0x00010000         rw
*default*        0x00000000         0xffffffff

Linker script and memory map

LOAD /home/bdang/toolchains/gcc-arm-none-eabi-14.3/bin/../lib/gcc/arm-none-eabi/14.3.1/thumb/v7e-m+fp/hard/crti.o
LOAD /home/bdang/toolchains/gcc-arm-none-eabi-14.3/bin/../lib/gcc/arm-none-eabi/14.3.1/thumb/v7e-m+fp/hard/crtbegin.o
LOAD /home/bdang/toolchains/gcc-arm-none-eabi-14.3/bin/../lib/gcc/arm-none-eabi/14.3.1/../../../../arm-none-eabi/lib/thumb/v7e-m+fp/hard/crt0.o
LOAD build/bootloader.o
LOAD build/SPL/src/misc.o
LOAD build/SPL/src/stm32f4xx_flash.o
LOAD build/SPL/src/stm32f4xx_rcc.o
LOAD build/SPL/src/stm32f4xx_syscfg.o
LOAD build/SPL/src/system_stm32f4xx.o
LOAD build/startup.o
START GROUP
LOAD /home/bdang/toolchains/gcc-arm-none-eabi-14.3/bin/../lib/gcc/arm-none-eabi/14.3.1/thumb/v7e-m+fp/hard/libgcc.a
LOAD /home/bdang/toolchains/gcc-arm-none-eabi-14.3/bin/../lib/gcc/arm-none-eabi/14.3.1/../../../../arm-none-eabi/lib/thumb/v7e-m+fp/hard/libc_nano.a
END GROUP
START GROUP
LOAD /home/bdang/toolchains/gcc-arm-none-eabi-14.3/bin/../lib/gcc/arm-none-eabi/14.3.1/thumb/v7e-m+fp/hard/libgcc.a
LOAD /home/bdang/toolchains/gcc-arm-none-eabi-14.3/bin/../lib/gcc/arm-none-eabi/14.3.1/../../../../arm-none-eabi/lib/thumb/v7e-m+fp/hard/libc_nano.a
LOAD /home/bdang/toolchains/gcc-arm-none-eabi-14.3/bin/../lib/gcc/arm-none-eabi/14.3.1/../../../../arm-none-eabi/lib/thumb/v7e-m+fp/hard/libnosys.a
END GROUP
START GROUP
LOAD /home/bdang/toolchains/gcc-arm-none-eabi-14.3/bin/../lib/gcc/arm-none-eabi/14.3.1/thumb/v7e-m+fp/hard/libgcc.a
LOAD /home/bdang/toolchains/gcc-arm-none-eabi-14.3/bin/../lib/gcc/arm-none-eabi/14.3.1/../../../../arm-none-eabi/lib/thumb/v7e-m+fp/hard/libc_nano.a
LOAD /home/bdang/toolchains/gcc-arm-none-eabi-14.3/bin/../lib/gcc/arm-none-eabi/14.3.1/../../../../arm-none-eabi/lib/thumb/v7e-m+fp/hard/libnosys.a
END GROUP
LOAD /home/bdang/toolchains/gcc-arm-none-eabi-14.3/bin/../lib/gcc/arm-none-eabi/14.3.1/thumb/v7e-m+fp/hard/crtend.o
LOAD /home/bdang/toolchains/gcc-arm-none-eabi-14.3/bin/../lib/gcc/arm-none-eabi/14.3.1/thumb/v7e-m+fp/hard/crtn.o
                0x20010000                        _estack = 0x20010000
                0x00000000                        _Min_Heap_Size = 0x0
                0x00000200                        _Min_Stack_Size = 0x200

.isr_vector     0x08000000      0x188
                0x08000000                        . = ALIGN (0x4)
 *(.isr_vector)
 .isr_vector    0x08000000      0x188 build/startup.o
                0x08000000                g_pfnVectors
                0x08000188                        . = ALIGN (0x4)

.text           0x08000188      0x778
                0x08000188                        . = ALIGN (0x4)
 *(.text)
 *(.text*)
 .text.deregister_tm_clones
                0x08000188       0x1c /home/bdang/toolchains/gcc-arm-none-eabi-14.3/bin/../lib/gcc/arm-none-eabi/14.3.1/thumb/v7e-m+fp/hard/crtbegin.o
 .text.register_tm_clones
                0x080001a4       0x24 /home/bdang/toolchains/gcc-arm-none-eabi-14.3/bin/../lib/gcc/arm-none-eabi/14.3.1/thumb/v7e-m+fp/hard/crtbegin.o
 .text.__do_global_dtors_aux
                0x080001c8       0x28 /home/bdang/toolchains/gcc-arm-none-eabi-14.3/bin/../lib/gcc/arm-none-eabi/14.3.1/thumb/v7e-m+fp/hard/crtbegin.o
 .text.frame_dummy
                0x080001f0       0x24 /home/bdang/toolchains/gcc-arm-none-eabi-14.3/bin/../lib/gcc/arm-none-eabi/14.3.1/thumb/v7e-m+fp/hard/crtbegin.o
 .text.app_is_valid
                0x08000214       0x58 build/bootloader.o
 .text.jump_to_app
                0x0800026c       0x44 build/bootloader.o
 .text.erase_app_area
                0x080002b0       0x28 build/bootloader.o
 .text.apply_ota
                0x080002d8       0xa4 build/bootloader.o
 .text.clock_init
                0x0800037c       0x22 build/bootloader.o
 *fill*         0x0800039e        0x2 
 .text.main     0x080003a0       0x44 build/bootloader.o
                0x080003a0                main
 .text.FLASH_Unlock
                0x080003e4       0x30 build/SPL/src/stm32f4xx_flash.o
                0x080003e4                FLASH_Unlock
 .text.FLASH_Lock
                0x08000414       0x20 build/SPL/src/stm32f4xx_flash.o
                0x08000414                FLASH_Lock
 .text.FLASH_EraseSector
                0x08000434       0xc0 build/SPL/src/stm32f4xx_flash.o
                0x08000434                FLASH_EraseSector
 .text.FLASH_ProgramWord
                0x080004f4       0x68 build/SPL/src/stm32f4xx_flash.o
                0x080004f4                FLASH_ProgramWord
 .text.FLASH_GetStatus
                0x0800055c       0x6c build/SPL/src/stm32f4xx_flash.o
                0x0800055c                FLASH_GetStatus
 .text.FLASH_WaitForLastOperation
                0x080005c8       0x30 build/SPL/src/stm32f4xx_flash.o
                0x080005c8                FLASH_WaitForLastOperation
 .text.RCC_DeInit
                0x080005f8       0x5c build/SPL/src/stm32f4xx_rcc.o
                0x080005f8                RCC_DeInit
 .text.RCC_HSICmd
                0x08000654       0x20 build/SPL/src/stm32f4xx_rcc.o
                0x08000654                RCC_HSICmd
 .text.RCC_GetFlagStatus
                0x08000674       0x74 build/SPL/src/stm32f4xx_rcc.o
                0x08000674                RCC_GetFlagStatus
 .text.SystemInit
                0x080006e8       0x6c build/SPL/src/system_stm32f4xx.o
                0x080006e8                SystemInit
 .text.SetSysClock
                0x08000754       0xf8 build/SPL/src/system_stm32f4xx.o
 .text.Reset_Handler
                0x0800084c       0x50 build/startup.o
                0x0800084c                Reset_Handler
 .text.Default_Handler
                0x0800089c        0x2 build/startup.o
                0x0800089c                RTC_Alarm_IRQHandler
                0x0800089c                HASH_RNG_IRQHandler
                0x0800089c                EXTI2_IRQHandler
                0x0800089c                TIM8_CC_IRQHandler
                0x0800089c                DebugMon_Handler
                0x0800089c                TIM1_CC_IRQHandler
                0x0800089c                DMA2_Stream5_IRQHandler
                0x0800089c                HardFault_Handler
                0x0800089c                DMA1_Stream5_IRQHandler
                0x0800089c                SysTick_Handler
                0x0800089c                PVD_IRQHandler
                0x0800089c                SDIO_IRQHandler
                0x0800089c                TAMP_STAMP_IRQHandler
                0x0800089c                PendSV_Handler
                0x0800089c                NMI_Handler
                0x0800089c                CAN2_RX1_IRQHandler
                0x0800089c                EXTI3_IRQHandler
                0x0800089c                TIM8_TRG_COM_TIM14_IRQHandler
                0x0800089c                TIM1_UP_TIM10_IRQHandler
                0x0800089c                TIM8_UP_TIM13_IRQHandler
                0x0800089c                I2C3_ER_IRQHandler
                0x0800089c                EXTI0_IRQHandler
                0x0800089c                I2C2_EV_IRQHandler
                0x0800089c                DMA1_Stream2_IRQHandler
                0x0800089c                CAN1_RX0_IRQHandler
                0x0800089c                FPU_IRQHandler
                0x0800089c                OTG_HS_WKUP_IRQHandler
                0x0800089c                UsageFault_Handler
                0x0800089c                CAN2_SCE_IRQHandler
                0x0800089c                DMA2_Stream2_IRQHandler
                0x0800089c                SPI1_IRQHandler
                0x0800089c                TIM6_DAC_IRQHandler
                0x0800089c                TIM1_BRK_TIM9_IRQHandler
                0x0800089c                DCMI_IRQHandler
                0x0800089c                CAN2_RX0_IRQHandler
                0x0800089c                DMA2_Stream3_IRQHandler
                0x0800089c                USART6_IRQHandler
                0x0800089c                USART3_IRQHandler
                0x0800089c                CRYP_IRQHandler
                0x0800089c                CAN1_RX1_IRQHandler
                0x0800089c                UART5_IRQHandler
                0x0800089c                DMA2_Stream0_IRQHandler
                0x0800089c                TIM4_IRQHandler
                0x0800089c                I2C1_EV_IRQHandler
                0x0800089c                DMA1_Stream6_IRQHandler
                0x0800089c                DMA1_Stream1_IRQHandler
                0x0800089c                UART4_IRQHandler
                0x0800089c                TIM3_IRQHandler
                0x0800089c                RCC_IRQHandler
                0x0800089c                TIM8_BRK_TIM12_IRQHandler
                0x0800089c                Default_Handler
                0x0800089c                EXTI15_10_IRQHandler
                0x0800089c                ADC_IRQHandler
                0x0800089c                DMA1_Stream7_IRQHandler
                0x0800089c                TIM7_IRQHandler
                0x0800089c                CAN2_TX_IRQHandler
                0x0800089c                TIM5_IRQHandler
                0x0800089c                DMA2_Stream7_IRQHandler
                0x0800089c                I2C3_EV_IRQHandler
                0x0800089c                EXTI9_5_IRQHandler
                0x0800089c                RTC_WKUP_IRQHandler
                0x0800089c                ETH_WKUP_IRQHandler
                0x0800089c                SPI2_IRQHandler
                0x0800089c                OTG_HS_EP1_IN_IRQHandler
                0x0800089c                MemManage_Handler
                0x0800089c                DMA1_Stream0_IRQHandler
                0x0800089c                CAN1_TX_IRQHandler
                0x0800089c                SVC_Handler
                0x0800089c                EXTI4_IRQHandler
                0x0800089c                FSMC_IRQHandler
                0x0800089c                ETH_IRQHandler
                0x0800089c                OTG_HS_EP1_OUT_IRQHandler
                0x0800089c                WWDG_IRQHandler
                0x0800089c                TIM2_IRQHandler
                0x0800089c                OTG_FS_WKUP_IRQHandler
                0x0800089c                TIM1_TRG_COM_TIM11_IRQHandler
                0x0800089c                OTG_HS_IRQHandler
                0x0800089c                EXTI1_IRQHandler
                0x0800089c                USART2_IRQHandler
                0x0800089c                I2C2_ER_IRQHandler
                0x0800089c                DMA2_Stream1_IRQHandler
                0x0800089c                CAN1_SCE_IRQHandler
                0x0800089c                FLASH_IRQHandler
                0x0800089c                DMA2_Stream4_IRQHandler
                0x0800089c                BusFault_Handler
                0x0800089c                USART1_IRQHandler
                0x0800089c                OTG_FS_IRQHandler
                0x0800089c                SPI3_IRQHandler
                0x0800089c                DMA1_Stream4_IRQHandler
                0x0800089c                I2C1_ER_IRQHandler
                0x0800089c                DMA2_Stream6_IRQHandler
                0x0800089c                DMA1_Stream3_IRQHandler
 *fill*         0x0800089e        0x2 
 .text.__libc_init_array
                0x080008a0       0x48 /home/bdang/toolchains/gcc-arm-none-eabi-14.3/bin/../lib/gcc/arm-none-eabi/14.3.1/../../../../arm-none-eabi/lib/thumb/v7e-m+fp/hard/libc_nano.a(libc_a-init.o)
                0x080008a0                __libc_init_array
 *(.glue_7)
 .glue_7        0x080008e8        0x0 linker stubs
 *(.glue_7t)
 .glue_7t       0x080008e8        0x0 linker stubs
 *(.eh_frame)
 .eh_frame      0x080008e8        0x0 /home/bdang/toolchains/gcc-arm-none-eabi-14.3/bin/../lib/gcc/arm-none-eabi/14.3.1/thumb/v7e-m+fp/hard/crtbegin.o
 *(.init)
 .init          0x080008e8        0x4 /home/bdang/toolchains/gcc-arm-none-eabi-14.3/bin/../lib/gcc/arm-none-eabi/14.3.1/thumb/v7e-m+fp/hard/crti.o
                0x080008e8                _init
 .init          0x080008ec        0x8 /home/bdang/toolchains/gcc-arm-none-eabi-14.3/bin/../lib/gcc/arm-none-eabi/14.3.1/thumb/v7e-m+fp/hard/crtn.o
 *(.fini)
 .fini          0x080008f4        0x4 /home/bdang/toolchains/gcc-arm-none-eabi-14.3/bin/../lib/gcc/arm-none-eabi/14.3.1/thumb/v7e-m+fp/hard/crti.o
                0x080008f4                _fini
 .fini          0x080008f8        0x8 /home/bdang/toolchains/gcc-arm-none-eabi-14.3/bin/../lib/gcc/arm-none-eabi/14.3.1/thumb/v7e-m+fp/hard/crtn.o
                0x08000900                        . = ALIGN (0x4)
                0x08000900                        _etext = .

.vfp11_veneer   0x08000900        0x0
 .vfp11_veneer  0x08000900        0x0 linker stubs

.v4_bx          0x08000900        0x0
 .v4_bx         0x08000900        0x0 linker stubs

.iplt           0x08000900        0x0
 .iplt          0x08000900        0x0 /home/bdang/toolchains/gcc-arm-none-eabi-14.3/bin/../lib/gcc/arm-none-eabi/14.3.1/thumb/v7e-m+fp/hard/crtbegin.o

.rel.dyn        0x08000900        0x0
 .rel.iplt      0x08000900        0x0 /home/bdang/toolchains/gcc-arm-none-eabi-14.3/bin/../lib/gcc/arm-none-eabi/14.3.1/thumb/v7e-m+fp/hard/crtbegin.o

.rodata         0x08000900        0x0
                0x08000900                        . = ALIGN (0x4)
 *(.rodata)
 *(.rodata*)
                0x08000900                        . = ALIGN (0x4)

.ARM.extab
 *(.ARM.extab* .gnu.linkonce.armextab.*)

.ARM            0x08000900        0x0
                0x08000900                        __exidx_start = .
 *(.ARM.exidx*)
                0x08000900                        __exidx_end = .

.preinit_array  0x08000900        0x0
                0x08000900                        PROVIDE (__preinit_array_start = .)
 *(.preinit_array*)
                0x08000900                        PROVIDE (__preinit_array_end = .)

.init_array     0x08000900        0x4
                0x08000900                        PROVIDE (__init_array_start = .)
 *(SORT_BY_NAME(.init_array.*))
 *(.init_array*)
 .init_array    0x08000900        0x4 /home/bdang/toolchains/gcc-arm-none-eabi-14.3/bin/../lib/gcc/arm-none-eabi/14.3.1/thumb/v7e-m+fp/hard/crtbegin.o
                0x08000904                        PROVIDE (__init_array_end = .)

.fini_array     0x08000904        0x4
                [!provide]                        PROVIDE (__fini_array_start = .)
 *(SORT_BY_NAME(.fini_array.*))
 *(.fini_array*)
 .fini_array    0x08000904        0x4 /home/bdang/toolchains/gcc-arm-none-eabi-14.3/bin/../lib/gcc/arm-none-eabi/14.3.1/thumb/v7e-m+fp/hard/crtbegin.o
                [!provide]                        PROVIDE (__fini_array_end = .)
                0x08000908                        _sidata = LOADADDR (.data)

.data           0x20000000        0x0 load address 0x08000908
                0x20000000                        . = ALIGN (0x4)
                0x20000000                        _sdata = .
 *(.data)
 *(.data*)
                0x20000000                        . = ALIGN (0x4)
                0x20000000                        _edata = .
                0x08000908                        _siccmram = LOADADDR (.ccmram)

.tm_clone_table
                0x20000000        0x0 load address 0x08000908
 .tm_clone_table
                0x20000000        0x0 /home/bdang/toolchains/gcc-arm-none-eabi-14.3/bin/../lib/gcc/arm-none-eabi/14.3.1/thumb/v7e-m+fp/hard/crtbegin.o
 .tm_clone_table
                0x20000000        0x0 /home/bdang/toolchains/gcc-arm-none-eabi-14.3/bin/../lib/gcc/arm-none-eabi/14.3.1/thumb/v7e-m+fp/hard/crtend.o

.igot.plt       0x20000000        0x0 load address 0x08000908
 .igot.plt      0x20000000        0x0 /home/bdang/toolchains/gcc-arm-none-eabi-14.3/bin/../lib/gcc/arm-none-eabi/14.3.1/thumb/v7e-m+fp/hard/crtbegin.o

.ccmram         0x10000000        0x0 load address 0x08000908
                0x10000000                        . = ALIGN (0x4)
                0x10000000                        _sccmram = .
 *(.ccmram)
 *(.ccmram*)
                0x10000000                        . = ALIGN (0x4)
                0x10000000                        _eccmram = .
                0x10000000                        . = ALIGN (0x4)

.bss            0x20000000       0x1c
                0x20000000                        _sbss = .
                0x20000000                        __bss_start__ = _sbss
 *(.bss)
 *(.bss*)
 .bss.completed.1
                0x20000000        0x1 /home/bdang/toolchains/gcc-arm-none-eabi-14.3/bin/../lib/gcc/arm-none-eabi/14.3.1/thumb/v7e-m+fp/hard/crtbegin.o
 *fill*         0x20000001        0x3 
 .bss.object.0  0x20000004       0x18 /home/bdang/toolchains/gcc-arm-none-eabi-14.3/bin/../lib/gcc/arm-none-eabi/14.3.1/thumb/v7e-m+fp/hard/crtbegin.o
 *(COMMON)
                0x2000001c                        . = ALIGN (0x4)
                0x2000001c                        _ebss = .
                0x2000001c                        __bss_end__ = _ebss

._user_heap_stack
                0x2000001c      0x200
                0x2000001c                        . = ALIGN (0x4)
                0x2000001c                        PROVIDE (end = .)
                [!provide]                        PROVIDE (_end = .)
                0x2000001c                        . = (. + _Min_Heap_Size)
                0x2000021c                        . = (. + _Min_Stack_Size)
 *fill*         0x2000001c      0x200 
                0x2000021c                        . = ALIGN (0x4)

.memory_b1_text
 *(.mb1text)
 *(.mb1text*)
 *(.mb1rodata)
 *(.mb1rodata*)

/DISCARD/
 libc.a(*)
 libm.a(*)
 libgcc.a(*)

.ARM.attributes
                0x00000000       0x30
 *(.ARM.attributes)
 .ARM.attributes
                0x00000000       0x22 /home/bdang/toolchains/gcc-arm-none-eabi-14.3/bin/../lib/gcc/arm-none-eabi/14.3.1/thumb/v7e-m+fp/hard/crti.o
 .ARM.attributes
                0x00000022       0x34 /home/bdang/toolchains/gcc-arm-none-eabi-14.3/bin/../lib/gcc/arm-none-eabi/14.3.1/thumb/v7e-m+fp/hard/crtbegin.o
 .ARM.attributes
                0x00000056       0x34 build/bootloader.o
 .ARM.attributes
                0x0000008a       0x34 build/SPL/src/stm32f4xx_flash.o
 .ARM.attributes
                0x000000be       0x34 build/SPL/src/stm32f4xx_rcc.o
 .ARM.attributes
                0x000000f2       0x34 build/SPL/src/system_stm32f4xx.o
 .ARM.attributes
                0x00000126       0x21 build/startup.o
 .ARM.attributes
                0x00000147       0x34 /home/bdang/toolchains/gcc-arm-none-eabi-14.3/bin/../lib/gcc/arm-none-eabi/14.3.1/../../../../arm-none-eabi/lib/thumb/v7e-m+fp/hard/libc_nano.a(libc_a-init.o)
 .ARM.attributes
                0x0000017b       0x34 /home/bdang/toolchains/gcc-arm-none-eabi-14.3/bin/../lib/gcc/arm-none-eabi/14.3.1/thumb/v7e-m+fp/hard/crtend.o
 .ARM.attributes
                0x000001af       0x22 /home/bdang/toolchains/gcc-arm-none-eabi-14.3/bin/../lib/gcc/arm-none-eabi/14.3.1/thumb/v7e-m+fp/hard/crtn.o
OUTPUT(build/bootloader.elf elf32-littlearm)
LOAD linker stubs
LOAD /home/bdang/toolchains/gcc-arm-none-eabi-14.3/bin/../lib/gcc/arm-none-eabi/14.3.1/../../../../arm-none-eabi/lib/thumb/v7e-m+fp/hard/libc.a
LOAD /home/bdang/toolchains/gcc-arm-none-eabi-14.3/bin/../lib/gcc/arm-none-eabi/14.3.1/../../../../arm-none-eabi/lib/thumb/v7e-m+fp/hard/libm.a
LOAD /home/bdang/toolchains/gcc-arm-none-eabi-14.3/bin/../lib/gcc/arm-none-eabi/14.3.1/thumb/v7e-m+fp/hard/libgcc.a

.debug_info     0x00000000     0x1e61
 .debug_info    0x00000000      0x4ff build/bootloader.o
 .debug_info    0x000004ff      0x750 build/SPL/src/stm32f4xx_flash.o
 .debug_info    0x00000c4f      0xc24 build/SPL/src/stm32f4xx_rcc.o
 .debug_info    0x00001873      0x5be build/SPL/src/system_stm32f4xx.o
 .debug_info    0x00001e31       0x30 build/startup.o

.debug_abbrev   0x00000000      0x7ae
 .debug_abbrev  0x00000000      0x237 build/bootloader.o
 .debug_abbrev  0x00000237      0x1dd build/SPL/src/stm32f4xx_flash.o
 .debug_abbrev  0x00000414      0x20d build/SPL/src/stm32f4xx_rcc.o
 .debug_abbrev  0x00000621      0x169 build/SPL/src/system_stm32f4xx.o
 .debug_abbrev  0x0000078a       0x24 build/startup.o

.debug_aranges  0x00000000      0x338
 .debug_aranges
                0x00000000       0x48 build/bootloader.o
 .debug_aranges
                0x00000048      0x118 build/SPL/src/stm32f4xx_flash.o
 .debug_aranges
                0x00000160      0x180 build/SPL/src/stm32f4xx_rcc.o
 .debug_aranges
                0x000002e0       0x30 build/SPL/src/system_stm32f4xx.o
 .debug_aranges
                0x00000310       0x28 build/startup.o

.debug_rnglists
                0x00000000      0x263
 .debug_rnglists
                0x00000000       0x3e build/bootloader.o
 .debug_rnglists
                0x0000003e       0xcf build/SPL/src/stm32f4xx_flash.o
 .debug_rnglists
                0x0000010d      0x11c build/SPL/src/stm32f4xx_rcc.o
 .debug_rnglists
                0x00000229       0x21 build/SPL/src/system_stm32f4xx.o
 .debug_rnglists
                0x0000024a       0x19 build/startup.o

.debug_macro    0x00000000     0xe620
 .debug_macro   0x00000000      0x1fc build/bootloader.o
 .debug_macro   0x000001fc      0xad8 build/bootloader.o
 .debug_macro   0x00000cd4       0x5d build/bootloader.o
 .debug_macro   0x00000d31       0x3b build/bootloader.o
 .debug_macro   0x00000d6c       0x22 build/bootloader.o
 .debug_macro   0x00000d8e       0x8e build/bootloader.o
 .debug_macro   0x00000e1c       0x51 build/bootloader.o
 .debug_macro   0x00000e6d      0x103 build/bootloader.o
 .debug_macro   0x00000f70       0x6a build/bootloader.o
 .debug_macro   0x00000fda      0x1df build/bootloader.o
 .debug_macro   0x000011b9       0x18 build/bootloader.o
 .debug_macro   0x000011d1       0x42 build/bootloader.o
 .debug_macro   0x00001213      0xd39 build/bootloader.o
 .debug_macro   0x00001f4c     0x822c build/bootloader.o
 .debug_macro   0x0000a178      0x44f build/bootloader.o
 .debug_macro   0x0000a5c7      0x3cf build/bootloader.o
 .debug_macro   0x0000a996      0x144 build/bootloader.o
 .debug_macro   0x0000aada      0x188 build/bootloader.o
 .debug_macro   0x0000ac62       0xb2 build/bootloader.o
 .debug_macro   0x0000ad14      0x149 build/bootloader.o
 .debug_macro   0x0000ae5d      0x477 build/bootloader.o
 .debug_macro   0x0000b2d4       0xae build/bootloader.o
 .debug_macro   0x0000b382      0x2f7 build/bootloader.o
 .debug_macro   0x0000b679      0x279 build/bootloader.o
 .debug_macro   0x0000b8f2       0xc3 build/bootloader.o
 .debug_macro   0x0000b9b5      0x288 build/bootloader.o
 .debug_macro   0x0000bc3d      0x2bb build/bootloader.o
 .debug_macro   0x0000bef8       0x64 build/bootloader.o
 .debug_macro   0x0000bf5c       0xae build/bootloader.o
 .debug_macro   0x0000c00a       0x40 build/bootloader.o
 .debug_macro   0x0000c04a      0x57b build/bootloader.o
 .debug_macro   0x0000c5c5      0x342 build/bootloader.o
 .debug_macro   0x0000c907      0x36c build/bootloader.o
 .debug_macro   0x0000cc73       0xe2 build/bootloader.o
 .debug_macro   0x0000cd55      0x73b build/bootloader.o
 .debug_macro   0x0000d490      0x223 build/bootloader.o
 .debug_macro   0x0000d6b3       0x34 build/bootloader.o
 .debug_macro   0x0000d6e7       0x82 build/bootloader.o
 .debug_macro   0x0000d769       0x35 build/bootloader.o
 .debug_macro   0x0000d79e      0x576 build/bootloader.o
 .debug_macro   0x0000dd14      0x1c6 build/SPL/src/stm32f4xx_flash.o
 .debug_macro   0x0000deda      0x2f1 build/SPL/src/stm32f4xx_flash.o
 .debug_macro   0x0000e1cb      0x27c build/SPL/src/stm32f4xx_rcc.o
 .debug_macro   0x0000e447      0x1d9 build/SPL/src/system_stm32f4xx.o

.debug_line     0x00000000     0x225c
 .debug_line    0x00000000      0x5a2 build/bootloader.o
 .debug_line    0x000005a2      0x9ff build/SPL/src/stm32f4xx_flash.o
 .debug_line    0x00000fa1      0xc51 build/SPL/src/stm32f4xx_rcc.o
 .debug_line    0x00001bf2      0x5f6 build/SPL/src/system_stm32f4xx.o
 .debug_line    0x000021e8       0x74 build/startup.o

.debug_str      0x00000000    0x5a906
 .debug_str     0x00000000    0x5a906 build/bootloader.o
                              0x59aee (size before relaxing)
 .debug_str     0x0005a906    0x59c4f build/SPL/src/stm32f4xx_flash.o
 .debug_str     0x0005a906    0x5a448 build/SPL/src/stm32f4xx_rcc.o
 .debug_str     0x0005a906    0x59a5d build/SPL/src/system_stm32f4xx.o
 .debug_str     0x0005a906       0x54 build/startup.o

.comment        0x00000000       0x46
 .comment       0x00000000       0x46 build/bootloader.o
                                 0x47 (size before relaxing)
 .comment       0x00000046       0x47 build/SPL/src/stm32f4xx_flash.o
 .comment       0x00000046       0x47 build/SPL/src/stm32f4xx_rcc.o
 .comment       0x00000046       0x47 build/SPL/src/system_stm32f4xx.o

.debug_frame    0x00000000      0xd0c
 .debug_frame   0x00000000       0xd8 build/bootloader.o
 .debug_frame   0x000000d8      0x490 build/SPL/src/stm32f4xx_flash.o
 .debug_frame   0x00000568      0x6fc build/SPL/src/stm32f4xx_rcc.o
 .debug_frame   0x00000c64       0x7c build/SPL/src/system_stm32f4xx.o
 .debug_frame   0x00000ce0       0x2c /home/bdang/toolchains/gcc-arm-none-eabi-14.3/bin/../lib/gcc/arm-none-eabi/14.3.1/../../../../arm-none-eabi/lib/thumb/v7e-m+fp/hard/libc_nano.a(libc_a-init.o)

.debug_line_str
                0x00000000       0x38
 .debug_line_str
                0x00000000       0x38 build/startup.o

Cross Reference Table

Symbol                                            File
ADC_IRQHandler                                    build/startup.o
AHBPrescTable                                     build/SPL/src/system_stm32f4xx.o
BusFault_Handler                                  build/startup.o
CAN1_RX0_IRQHandler                               build/startup.o
CAN1_RX1_IRQHandler                               build/startup.o
CAN1_SCE_IRQHandler                               build/startup.o
CAN1_TX_IRQHandler                                build/startup.o
CAN2_RX0_IRQHandler                               build/startup.o
CAN2_RX1_IRQHandler                               build/startup.o
CAN2_SCE_IRQHandler                               build/startup.o
CAN2_TX_IRQHandler                                build/startup.o
CRYP_IRQHandler                                   build/startup.o
DCMI_IRQHandler                                   build/startup.o
DMA1_Stream0_IRQHandler                           build/startup.o
DMA1_Stream1_IRQHandler                           build/startup.o
DMA1_Stream2_IRQHandler                           build/startup.o
DMA1_Stream3_IRQHandler                           build/startup.o
DMA1_Stream4_IRQHandler                           build/startup.o
DMA1_Stream5_IRQHandler                           build/startup.o
DMA1_Stream6_IRQHandler                           build/startup.o
DMA1_Stream7_IRQHandler                           build/startup.o
DMA2_Stream0_IRQHandler                           build/startup.o
DMA2_Stream1_IRQHandler                           build/startup.o
DMA2_Stream2_IRQHandler                           build/startup.o
DMA2_Stream3_IRQHandler                           build/startup.o
DMA2_Stream4_IRQHandler                           build/startup.o
DMA2_Stream5_IRQHandler                           build/startup.o
DMA2_Stream6_IRQHandler                           build/startup.o
DMA2_Stream7_IRQHandler                           build/startup.o
DebugMon_Handler                                  build/startup.o
Default_Handler                                   build/startup.o
ETH_IRQHandler                                    build/startup.o
ETH_WKUP_IRQHandler                               build/startup.o
EXTI0_IRQHandler                                  build/startup.o
EXTI15_10_IRQHandler                              build/startup.o
EXTI1_IRQHandler                                  build/startup.o
EXTI2_IRQHandler                                  build/startup.o
EXTI3_IRQHandler                                  build/startup.o
EXTI4_IRQHandler                                  build/startup.o
EXTI9_5_IRQHandler                                build/startup.o
FLASH_ClearFlag                                   build/SPL/src/stm32f4xx_flash.o
FLASH_DataCacheCmd                                build/SPL/src/stm32f4xx_flash.o
FLASH_DataCacheReset                              build/SPL/src/stm32f4xx_flash.o
FLASH_EraseAllSectors                             build/SPL/src/stm32f4xx_flash.o
FLASH_EraseSector                                 build/SPL/src/stm32f4xx_flash.o
                                                  build/bootloader.o
FLASH_GetFlagStatus                               build/SPL/src/stm32f4xx_flash.o
FLASH_GetStatus                                   build/SPL/src/stm32f4xx_flash.o
FLASH_IRQHandler                                  build/startup.o
FLASH_ITConfig                                    build/SPL/src/stm32f4xx_flash.o
FLASH_InstructionCacheCmd                         build/SPL/src/stm32f4xx_flash.o
FLASH_InstructionCacheReset                       build/SPL/src/stm32f4xx_flash.o
FLASH_Lock                                        build/SPL/src/stm32f4xx_flash.o
                                                  build/bootloader.o
FLASH_OB_BORConfig                                build/SPL/src/stm32f4xx_flash.o
FLASH_OB_GetBOR                                   build/SPL/src/stm32f4xx_flash.o
FLASH_OB_GetRDP                                   build/SPL/src/stm32f4xx_flash.o
FLASH_OB_GetUser                                  build/SPL/src/stm32f4xx_flash.o
FLASH_OB_GetWRP                                   build/SPL/src/stm32f4xx_flash.o
FLASH_OB_GetWRP1                                  build/SPL/src/stm32f4xx_flash.o
FLASH_OB_Launch                                   build/SPL/src/stm32f4xx_flash.o
FLASH_OB_Lock                                     build/SPL/src/stm32f4xx_flash.o
FLASH_OB_RDPConfig                                build/SPL/src/stm32f4xx_flash.o
FLASH_OB_Unlock                                   build/SPL/src/stm32f4xx_flash.o
FLASH_OB_UserConfig                               build/SPL/src/stm32f4xx_flash.o
FLASH_OB_WRP1Config                               build/SPL/src/stm32f4xx_flash.o
FLASH_OB_WRPConfig                                build/SPL/src/stm32f4xx_flash.o
FLASH_PrefetchBufferCmd                           build/SPL/src/stm32f4xx_flash.o
FLASH_ProgramByte                                 build/SPL/src/stm32f4xx_flash.o
FLASH_ProgramDoubleWord                           build/SPL/src/stm32f4xx_flash.o
FLASH_ProgramHalfWord                             build/SPL/src/stm32f4xx_flash.o
FLASH_ProgramWord                                 build/SPL/src/stm32f4xx_flash.o
                                                  build/bootloader.o
FLASH_SetLatency                                  build/SPL/src/stm32f4xx_flash.o
FLASH_Unlock                                      build/SPL/src/stm32f4xx_flash.o
                                                  build/bootloader.o
FLASH_WaitForLastOperation                        build/SPL/src/stm32f4xx_flash.o
FPU_IRQHandler                                    build/startup.o
FSMC_IRQHandler                                   build/startup.o
HASH_RNG_IRQHandler                               build/startup.o
HardFault_Handler                                 build/startup.o
I2C1_ER_IRQHandler                                build/startup.o
I2C1_EV_IRQHandler                                build/startup.o
I2C2_ER_IRQHandler                                build/startup.o
I2C2_EV_IRQHandler                                build/startup.o
I2C3_ER_IRQHandler                                build/startup.o
I2C3_EV_IRQHandler                                build/startup.o
MemManage_Handler                                 build/startup.o
NMI_Handler                                       build/startup.o
NVIC_Init                                         build/SPL/src/misc.o
NVIC_PriorityGroupConfig                          build/SPL/src/misc.o
NVIC_SetVectorTable                               build/SPL/src/misc.o
NVIC_SystemLPConfig                               build/SPL/src/misc.o
OTG_FS_IRQHandler                                 build/startup.o
OTG_FS_WKUP_IRQHandler                            build/startup.o
OTG_HS_EP1_IN_IRQHandler                          build/startup.o
OTG_HS_EP1_OUT_IRQHandler                         build/startup.o
OTG_HS_IRQHandler                                 build/startup.o
OTG_HS_WKUP_IRQHandler                            build/startup.o
PVD_IRQHandler                                    build/startup.o
PendSV_Handler                                    build/startup.o
RCC_AHB1PeriphClockCmd                            build/SPL/src/stm32f4xx_rcc.o
RCC_AHB1PeriphClockLPModeCmd                      build/SPL/src/stm32f4xx_rcc.o
RCC_AHB1PeriphResetCmd                            build/SPL/src/stm32f4xx_rcc.o
RCC_AHB2PeriphClockCmd                            build/SPL/src/stm32f4xx_rcc.o
RCC_AHB2PeriphClockLPModeCmd                      build/SPL/src/stm32f4xx_rcc.o
RCC_AHB2PeriphResetCmd                            build/SPL/src/stm32f4xx_rcc.o
RCC_AHB3PeriphClockCmd                            build/SPL/src/stm32f4xx_rcc.o
RCC_AHB3PeriphClockLPModeCmd                      build/SPL/src/stm32f4xx_rcc.o
RCC_AHB3PeriphResetCmd                            build/SPL/src/stm32f4xx_rcc.o
RCC_APB1PeriphClockCmd                            build/SPL/src/stm32f4xx_rcc.o
RCC_APB1PeriphClockLPModeCmd                      build/SPL/src/stm32f4xx_rcc.o
RCC_APB1PeriphResetCmd                            build/SPL/src/stm32f4xx_rcc.o
RCC_APB2PeriphClockCmd                            build/SPL/src/stm32f4xx_rcc.o
RCC_APB2PeriphClockLPModeCmd                      build/SPL/src/stm32f4xx_rcc.o
RCC_APB2PeriphResetCmd                            build/SPL/src/stm32f4xx_rcc.o
                                                  build/SPL/src/stm32f4xx_syscfg.o
RCC_AdjustHSICalibrationValue                     build/SPL/src/stm32f4xx_rcc.o
RCC_BackupResetCmd                                build/SPL/src/stm32f4xx_rcc.o
RCC_ClearFlag                                     build/SPL/src/stm32f4xx_rcc.o
RCC_ClearITPendingBit                             build/SPL/src/stm32f4xx_rcc.o
RCC_ClockSecuritySystemCmd                        build/SPL/src/stm32f4xx_rcc.o
RCC_DeInit                                        build/SPL/src/stm32f4xx_rcc.o
                                                  build/bootloader.o
RCC_GetClocksFreq                                 build/SPL/src/stm32f4xx_rcc.o
RCC_GetFlagStatus                                 build/SPL/src/stm32f4xx_rcc.o
                                                  build/bootloader.o
RCC_GetITStatus                                   build/SPL/src/stm32f4xx_rcc.o
RCC_GetSYSCLKSource                               build/SPL/src/stm32f4xx_rcc.o
RCC_HCLKConfig                                    build/SPL/src/stm32f4xx_rcc.o
RCC_HSEConfig                                     build/SPL/src/stm32f4xx_rcc.o
RCC_HSICmd                                        build/SPL/src/stm32f4xx_rcc.o
                                                  build/bootloader.o
RCC_I2SCLKConfig                                  build/SPL/src/stm32f4xx_rcc.o
RCC_IRQHandler                                    build/startup.o
RCC_ITConfig                                      build/SPL/src/stm32f4xx_rcc.o
RCC_LSEConfig                                     build/SPL/src/stm32f4xx_rcc.o
RCC_LSICmd                                        build/SPL/src/stm32f4xx_rcc.o
RCC_MCO1Config                                    build/SPL/src/stm32f4xx_rcc.o
RCC_MCO2Config                                    build/SPL/src/stm32f4xx_rcc.o
RCC_PCLK1Config                                   build/SPL/src/stm32f4xx_rcc.o
RCC_PCLK2Config                                   build/SPL/src/stm32f4xx_rcc.o
RCC_PLLCmd                                        build/SPL/src/stm32f4xx_rcc.o
RCC_PLLConfig                                     build/SPL/src/stm32f4xx_rcc.o
RCC_PLLI2SCmd                                     build/SPL/src/stm32f4xx_rcc.o
RCC_PLLI2SConfig                                  build/SPL/src/stm32f4xx_rcc.o
RCC_RTCCLKCmd                                     build/SPL/src/stm32f4xx_rcc.o
RCC_RTCCLKConfig                                  build/SPL/src/stm32f4xx_rcc.o
RCC_SYSCLKConfig                                  build/SPL/src/stm32f4xx_rcc.o
RCC_TIMCLKPresConfig                              build/SPL/src/stm32f4xx_rcc.o
RCC_WaitForHSEStartUp                             build/SPL/src/stm32f4xx_rcc.o
RTC_Alarm_IRQHandler                              build/startup.o
RTC_WKUP_IRQHandler                               build/startup.o
Reset_Handler                                     build/startup.o
SDIO_IRQHandler                                   build/startup.o
SPI1_IRQHandler                                   build/startup.o
SPI2_IRQHandler                                   build/startup.o
SPI3_IRQHandler                                   build/startup.o
SVC_Handler                                       build/startup.o
SYSCFG_CompensationCellCmd                        build/SPL/src/stm32f4xx_syscfg.o
SYSCFG_DeInit                                     build/SPL/src/stm32f4xx_syscfg.o
SYSCFG_ETH_MediaInterfaceConfig                   build/SPL/src/stm32f4xx_syscfg.o
SYSCFG_EXTILineConfig                             build/SPL/src/stm32f4xx_syscfg.o
SYSCFG_GetCompensationCellStatus                  build/SPL/src/stm32f4xx_syscfg.o
SYSCFG_MemoryRemapConfig                          build/SPL/src/stm32f4xx_syscfg.o
SysTick_CLKSourceConfig                           build/SPL/src/misc.o
SysTick_Handler                                   build/startup.o
SystemCoreClock                                   build/SPL/src/system_stm32f4xx.o
SystemCoreClockUpdate                             build/SPL/src/system_stm32f4xx.o
SystemInit                                        build/SPL/src/system_stm32f4xx.o
                                                  build/startup.o
TAMP_STAMP_IRQHandler                             build/startup.o
TIM1_BRK_TIM9_IRQHandler                          build/startup.o
TIM1_CC_IRQHandler                                build/startup.o
TIM1_TRG_COM_TIM11_IRQHandler                     build/startup.o
TIM1_UP_TIM10_IRQHandler                          build/startup.o
TIM2_IRQHandler                                   build/startup.o
TIM3_IRQHandler                                   build/startup.o
TIM4_IRQHandler                                   build/startup.o
TIM5_IRQHandler                                   build/startup.o
TIM6_DAC_IRQHandler                               build/startup.o
TIM7_IRQHandler                                   build/startup.o
TIM8_BRK_TIM12_IRQHandler                         build/startup.o
TIM8_CC_IRQHandler                                build/startup.o
TIM8_TRG_COM_TIM14_IRQHandler                     build/startup.o
TIM8_UP_TIM13_IRQHandler                          build/startup.o
UART4_IRQHandler                                  build/startup.o
UART5_IRQHandler                                  build/startup.o
USART1_IRQHandler                                 build/startup.o
USART2_IRQHandler                                 build/startup.o
USART3_IRQHandler                                 build/startup.o
USART6_IRQHandler                                 build/startup.o
UsageFault_Handler                                build/startup.o
WWDG_IRQHandler                                   build/startup.o
_ITM_deregisterTMCloneTable                       /home/bdang/toolchains/gcc-arm-none-eabi-14.3/bin/../lib/gcc/arm-none-eabi/14.3.1/thumb/v7e-m+fp/hard/crtbegin.o
_ITM_registerTMCloneTable                         /home/bdang/toolchains/gcc-arm-none-eabi-14.3/bin/../lib/gcc/arm-none-eabi/14.3.1/thumb/v7e-m+fp/hard/crtbegin.o
__TMC_END__                                       /home/bdang/toolchains/gcc-arm-none-eabi-14.3/bin/../lib/gcc/arm-none-eabi/14.3.1/thumb/v7e-m+fp/hard/crtend.o
                                                  /home/bdang/toolchains/gcc-arm-none-eabi-14.3/bin/../lib/gcc/arm-none-eabi/14.3.1/thumb/v7e-m+fp/hard/crtbegin.o
__bss_end__                                       /home/bdang/toolchains/gcc-arm-none-eabi-14.3/bin/../lib/gcc/arm-none-eabi/14.3.1/../../../../arm-none-eabi/lib/thumb/v7e-m+fp/hard/crt0.o
__bss_start__                                     /home/bdang/toolchains/gcc-arm-none-eabi-14.3/bin/../lib/gcc/arm-none-eabi/14.3.1/../../../../arm-none-eabi/lib/thumb/v7e-m+fp/hard/crt0.o
__call_exitprocs                                  /home/bdang/toolchains/gcc-arm-none-eabi-14.3/bin/../lib/gcc/arm-none-eabi/14.3.1/../../../../arm-none-eabi/lib/thumb/v7e-m+fp/hard/libc_nano.a(libc_a-exit.o)
__deregister_frame_info                           /home/bdang/toolchains/gcc-arm-none-eabi-14.3/bin/../lib/gcc/arm-none-eabi/14.3.1/thumb/v7e-m+fp/hard/crtbegin.o
__dso_handle                                      /home/bdang/toolchains/gcc-arm-none-eabi-14.3/bin/../lib/gcc/arm-none-eabi/14.3.1/thumb/v7e-m+fp/hard/crtbegin.o
__fp_lock_all                                     /home/bdang/toolchains/gcc-arm-none-eabi-14.3/bin/../lib/gcc/arm-none-eabi/14.3.1/../../../../arm-none-eabi/lib/thumb/v7e-m+fp/hard/libc_nano.a(libc_a-findfp.o)
__fp_unlock_all                                   /home/bdang/toolchains/gcc-arm-none-eabi-14.3/bin/../lib/gcc/arm-none-eabi/14.3.1/../../../../arm-none-eabi/lib/thumb/v7e-m+fp/hard/libc_nano.a(libc_a-findfp.o)
__init_array_end                                  /home/bdang/toolchains/gcc-arm-none-eabi-14.3/bin/../lib/gcc/arm-none-eabi/14.3.1/../../../../arm-none-eabi/lib/thumb/v7e-m+fp/hard/libc_nano.a(libc_a-init.o)
__init_array_start                                /home/bdang/toolchains/gcc-arm-none-eabi-14.3/bin/../lib/gcc/arm-none-eabi/14.3.1/../../../../arm-none-eabi/lib/thumb/v7e-m+fp/hard/libc_nano.a(libc_a-init.o)
__libc_fini_array                                 /home/bdang/toolchains/gcc-arm-none-eabi-14.3/bin/../lib/gcc/arm-none-eabi/14.3.1/../../../../arm-none-eabi/lib/thumb/v7e-m+fp/hard/crt0.o
__libc_init_array                                 /home/bdang/toolchains/gcc-arm-none-eabi-14.3/bin/../lib/gcc/arm-none-eabi/14.3.1/../../../../arm-none-eabi/lib/thumb/v7e-m+fp/hard/libc_nano.a(libc_a-init.o)
                                                  build/startup.o
                                                  /home/bdang/toolchains/gcc-arm-none-eabi-14.3/bin/../lib/gcc/arm-none-eabi/14.3.1/../../../../arm-none-eabi/lib/thumb/v7e-m+fp/hard/crt0.o
__lock___arc4random_mutex                         /home/bdang/toolchains/gcc-arm-none-eabi-14.3/bin/../lib/gcc/arm-none-eabi/14.3.1/../../../../arm-none-eabi/lib/thumb/v7e-m+fp/hard/libc_nano.a(libc_a-lock.o)
__lock___at_quick_exit_mutex                      /home/bdang/toolchains/gcc-arm-none-eabi-14.3/bin/../lib/gcc/arm-none-eabi/14.3.1/../../../../arm-none-eabi/lib/thumb/v7e-m+fp/hard/libc_nano.a(libc_a-lock.o)
__lock___atexit_recursive_mutex                   /home/bdang/toolchains/gcc-arm-none-eabi-14.3/bin/../lib/gcc/arm-none-eabi/14.3.1/../../../../arm-none-eabi/lib/thumb/v7e-m+fp/hard/libc_nano.a(libc_a-lock.o)
__lock___dd_hash_mutex                            /home/bdang/toolchains/gcc-arm-none-eabi-14.3/bin/../lib/gcc/arm-none-eabi/14.3.1/../../../../arm-none-eabi/lib/thumb/v7e-m+fp/hard/libc_nano.a(libc_a-lock.o)
__lock___env_recursive_mutex                      /home/bdang/toolchains/gcc-arm-none-eabi-14.3/bin/../lib/gcc/arm-none-eabi/14.3.1/../../../../arm-none-eabi/lib/thumb/v7e-m+fp/hard/libc_nano.a(libc_a-lock.o)
__lock___malloc_recursive_mutex                   /home/bdang/toolchains/gcc-arm-none-eabi-14.3/bin/../lib/gcc/arm-none-eabi/14.3.1/../../../../arm-none-eabi/lib/thumb/v7e-m+fp/hard/libc_nano.a(libc_a-lock.o)
                                                  /home/bdang/toolchains/gcc-arm-none-eabi-14.3/bin/../lib/gcc/arm-none-eabi/14.3.1/../../../../arm-none-eabi/lib/thumb/v7e-m+fp/hard/libc_nano.a(libc_a-mlock.o)
__lock___sfp_recursive_mutex                      /home/bdang/toolchains/gcc-arm-none-eabi-14.3/bin/../lib/gcc/arm-none-eabi/14.3.1/../../../../arm-none-eabi/lib/thumb/v7e-m+fp/hard/libc_nano.a(libc_a-lock.o)
                                                  /home/bdang/toolchains/gcc-arm-none-eabi-14.3/bin/../lib/gcc/arm-none-eabi/14.3.1/../../../../arm-none-eabi/lib/thumb/v7e-m+fp/hard/libc_nano.a(libc_a-findfp.o)
__lock___tz_mutex                                 /home/bdang/toolchains/gcc-arm-none-eabi-14.3/bin/../lib/gcc/arm-none-eabi/14.3.1/../../../../arm-none-eabi/lib/thumb/v7e-m+fp/hard/libc_nano.a(libc_a-lock.o)
__malloc_free_list                                /home/bdang/toolchains/gcc-arm-none-eabi-14.3/bin/../lib/gcc/arm-none-eabi/14.3.1/../../../../arm-none-eabi/lib/thumb/v7e-m+fp/hard/libc_nano.a(libc_a-mallocr.o)
                                                  /home/bdang/toolchains/gcc-arm-none-eabi-14.3/bin/../lib/gcc/arm-none-eabi/14.3.1/../../../../arm-none-eabi/lib/thumb/v7e-m+fp/hard/libc_nano.a(libc_a-freer.o)
__malloc_lock                                     /home/bdang/toolchains/gcc-arm-none-eabi-14.3/bin/../lib/gcc/arm-none-eabi/14.3.1/../../../../arm-none-eabi/lib/thumb/v7e-m+fp/hard/libc_nano.a(libc_a-mlock.o)
                                                  /home/bdang/toolchains/gcc-arm-none-eabi-14.3/bin/../lib/gcc/arm-none-eabi/14.3.1/../../../../arm-none-eabi/lib/thumb/v7e-m+fp/hard/libc_nano.a(libc_a-mallocr.o)
                                                  /home/bdang/toolchains/gcc-arm-none-eabi-14.3/bin/../lib/gcc/arm-none-eabi/14.3.1/../../../../arm-none-eabi/lib/thumb/v7e-m+fp/hard/libc_nano.a(libc_a-freer.o)
__malloc_sbrk_start                               /home/bdang/toolchains/gcc-arm-none-eabi-14.3/bin/../lib/gcc/arm-none-eabi/14.3.1/../../../../arm-none-eabi/lib/thumb/v7e-m+fp/hard/libc_nano.a(libc_a-mallocr.o)
__malloc_unlock                                   /home/bdang/toolchains/gcc-arm-none-eabi-14.3/bin/../lib/gcc/arm-none-eabi/14.3.1/../../../../arm-none-eabi/lib/thumb/v7e-m+fp/hard/libc_nano.a(libc_a-mlock.o)
                                                  /home/bdang/toolchains/gcc-arm-none-eabi-14.3/bin/../lib/gcc/arm-none-eabi/14.3.1/../../../../arm-none-eabi/lib/thumb/v7e-m+fp/hard/libc_nano.a(libc_a-mallocr.o)
                                                  /home/bdang/toolchains/gcc-arm-none-eabi-14.3/bin/../lib/gcc/arm-none-eabi/14.3.1/../../../../arm-none-eabi/lib/thumb/v7e-m+fp/hard/libc_nano.a(libc_a-freer.o)
__preinit_array_end                               /home/bdang/toolchains/gcc-arm-none-eabi-14.3/bin/../lib/gcc/arm-none-eabi/14.3.1/../../../../arm-none-eabi/lib/thumb/v7e-m+fp/hard/libc_nano.a(libc_a-init.o)
__preinit_array_start                             /home/bdang/toolchains/gcc-arm-none-eabi-14.3/bin/../lib/gcc/arm-none-eabi/14.3.1/../../../../arm-none-eabi/lib/thumb/v7e-m+fp/hard/libc_nano.a(libc_a-init.o)
__register_frame_info                             /home/bdang/toolchains/gcc-arm-none-eabi-14.3/bin/../lib/gcc/arm-none-eabi/14.3.1/thumb/v7e-m+fp/hard/crtbegin.o
__retarget_lock_acquire                           /home/bdang/toolchains/gcc-arm-none-eabi-14.3/bin/../lib/gcc/arm-none-eabi/14.3.1/../../../../arm-none-eabi/lib/thumb/v7e-m+fp/hard/libc_nano.a(libc_a-lock.o)
__retarget_lock_acquire_recursive                 /home/bdang/toolchains/gcc-arm-none-eabi-14.3/bin/../lib/gcc/arm-none-eabi/14.3.1/../../../../arm-none-eabi/lib/thumb/v7e-m+fp/hard/libc_nano.a(libc_a-lock.o)
                                                  /home/bdang/toolchains/gcc-arm-none-eabi-14.3/bin/../lib/gcc/arm-none-eabi/14.3.1/../../../../arm-none-eabi/lib/thumb/v7e-m+fp/hard/libc_nano.a(libc_a-fflush.o)
                                                  /home/bdang/toolchains/gcc-arm-none-eabi-14.3/bin/../lib/gcc/arm-none-eabi/14.3.1/../../../../arm-none-eabi/lib/thumb/v7e-m+fp/hard/libc_nano.a(libc_a-mlock.o)
                                                  /home/bdang/toolchains/gcc-arm-none-eabi-14.3/bin/../lib/gcc/arm-none-eabi/14.3.1/../../../../arm-none-eabi/lib/thumb/v7e-m+fp/hard/libc_nano.a(libc_a-findfp.o)
__retarget_lock_close                             /home/bdang/toolchains/gcc-arm-none-eabi-14.3/bin/../lib/gcc/arm-none-eabi/14.3.1/../../../../arm-none-eabi/lib/thumb/v7e-m+fp/hard/libc_nano.a(libc_a-lock.o)
__retarget_lock_close_recursive                   /home/bdang/toolchains/gcc-arm-none-eabi-14.3/bin/../lib/gcc/arm-none-eabi/14.3.1/../../../../arm-none-eabi/lib/thumb/v7e-m+fp/hard/libc_nano.a(libc_a-lock.o)
__retarget_lock_init                              /home/bdang/toolchains/gcc-arm-none-eabi-14.3/bin/../lib/gcc/arm-none-eabi/14.3.1/../../../../arm-none-eabi/lib/thumb/v7e-m+fp/hard/libc_nano.a(libc_a-lock.o)
__retarget_lock_init_recursive                    /home/bdang/toolchains/gcc-arm-none-eabi-14.3/bin/../lib/gcc/arm-none-eabi/14.3.1/../../../../arm-none-eabi/lib/thumb/v7e-m+fp/hard/libc_nano.a(libc_a-lock.o)
                                                  /home/bdang/toolchains/gcc-arm-none-eabi-14.3/bin/../lib/gcc/arm-none-eabi/14.3.1/../../../../arm-none-eabi/lib/thumb/v7e-m+fp/hard/libc_nano.a(libc_a-findfp.o)
__retarget_lock_release                           /home/bdang/toolchains/gcc-arm-none-eabi-14.3/bin/../lib/gcc/arm-none-eabi/14.3.1/../../../../arm-none-eabi/lib/thumb/v7e-m+fp/hard/libc_nano.a(libc_a-lock.o)
__retarget_lock_release_recursive                 /home/bdang/toolchains/gcc-arm-none-eabi-14.3/bin/../lib/gcc/arm-none-eabi/14.3.1/../../../../arm-none-eabi/lib/thumb/v7e-m+fp/hard/libc_nano.a(libc_a-lock.o)
                                                  /home/bdang/toolchains/gcc-arm-none-eabi-14.3/bin/../lib/gcc/arm-none-eabi/14.3.1/../../../../arm-none-eabi/lib/thumb/v7e-m+fp/hard/libc_nano.a(libc_a-fflush.o)
                                                  /home/bdang/toolchains/gcc-arm-none-eabi-14.3/bin/../lib/gcc/arm-none-eabi/14.3.1/../../../../arm-none-eabi/lib/thumb/v7e-m+fp/hard/libc_nano.a(libc_a-mlock.o)
                                                  /home/bdang/toolchains/gcc-arm-none-eabi-14.3/bin/../lib/gcc/arm-none-eabi/14.3.1/../../../../arm-none-eabi/lib/thumb/v7e-m+fp/hard/libc_nano.a(libc_a-findfp.o)
__retarget_lock_try_acquire                       /home/bdang/toolchains/gcc-arm-none-eabi-14.3/bin/../lib/gcc/arm-none-eabi/14.3.1/../../../../arm-none-eabi/lib/thumb/v7e-m+fp/hard/libc_nano.a(libc_a-lock.o)
__retarget_lock_try_acquire_recursive             /home/bdang/toolchains/gcc-arm-none-eabi-14.3/bin/../lib/gcc/arm-none-eabi/14.3.1/../../../../arm-none-eabi/lib/thumb/v7e-m+fp/hard/libc_nano.a(libc_a-lock.o)
__sclose                                          /home/bdang/toolchains/gcc-arm-none-eabi-14.3/bin/../lib/gcc/arm-none-eabi/14.3.1/../../../../arm-none-eabi/lib/thumb/v7e-m+fp/hard/libc_nano.a(libc_a-stdio.o)
                                                  /home/bdang/toolchains/gcc-arm-none-eabi-14.3/bin/../lib/gcc/arm-none-eabi/14.3.1/../../../../arm-none-eabi/lib/thumb/v7e-m+fp/hard/libc_nano.a(libc_a-findfp.o)
__seofread                                        /home/bdang/toolchains/gcc-arm-none-eabi-14.3/bin/../lib/gcc/arm-none-eabi/14.3.1/../../../../arm-none-eabi/lib/thumb/v7e-m+fp/hard/libc_nano.a(libc_a-stdio.o)
__sf                                              /home/bdang/toolchains/gcc-arm-none-eabi-14.3/bin/../lib/gcc/arm-none-eabi/14.3.1/../../../../arm-none-eabi/lib/thumb/v7e-m+fp/hard/libc_nano.a(libc_a-findfp.o)
                                                  /home/bdang/toolchains/gcc-arm-none-eabi-14.3/bin/../lib/gcc/arm-none-eabi/14.3.1/../../../../arm-none-eabi/lib/thumb/v7e-m+fp/hard/libc_nano.a(libc_a-impure.o)
__sflush_r                                        /home/bdang/toolchains/gcc-arm-none-eabi-14.3/bin/../lib/gcc/arm-none-eabi/14.3.1/../../../../arm-none-eabi/lib/thumb/v7e-m+fp/hard/libc_nano.a(libc_a-fflush.o)
__sfp                                             /home/bdang/toolchains/gcc-arm-none-eabi-14.3/bin/../lib/gcc/arm-none-eabi/14.3.1/../../../../arm-none-eabi/lib/thumb/v7e-m+fp/hard/libc_nano.a(libc_a-findfp.o)
__sfp_lock_acquire                                /home/bdang/toolchains/gcc-arm-none-eabi-14.3/bin/../lib/gcc/arm-none-eabi/14.3.1/../../../../arm-none-eabi/lib/thumb/v7e-m+fp/hard/libc_nano.a(libc_a-findfp.o)
__sfp_lock_release                                /home/bdang/toolchains/gcc-arm-none-eabi-14.3/bin/../lib/gcc/arm-none-eabi/14.3.1/../../../../arm-none-eabi/lib/thumb/v7e-m+fp/hard/libc_nano.a(libc_a-findfp.o)
__sglue                                           /home/bdang/toolchains/gcc-arm-none-eabi-14.3/bin/../lib/gcc/arm-none-eabi/14.3.1/../../../../arm-none-eabi/lib/thumb/v7e-m+fp/hard/libc_nano.a(libc_a-findfp.o)
                                                  /home/bdang/toolchains/gcc-arm-none-eabi-14.3/bin/../lib/gcc/arm-none-eabi/14.3.1/../../../../arm-none-eabi/lib/thumb/v7e-m+fp/hard/libc_nano.a(libc_a-fflush.o)
__sinit                                           /home/bdang/toolchains/gcc-arm-none-eabi-14.3/bin/../lib/gcc/arm-none-eabi/14.3.1/../../../../arm-none-eabi/lib/thumb/v7e-m+fp/hard/libc_nano.a(libc_a-findfp.o)
                                                  /home/bdang/toolchains/gcc-arm-none-eabi-14.3/bin/../lib/gcc/arm-none-eabi/14.3.1/../../../../arm-none-eabi/lib/thumb/v7e-m+fp/hard/libc_nano.a(libc_a-fflush.o)
__sread                                           /home/bdang/toolchains/gcc-arm-none-eabi-14.3/bin/../lib/gcc/arm-none-eabi/14.3.1/../../../../arm-none-eabi/lib/thumb/v7e-m+fp/hard/libc_nano.a(libc_a-stdio.o)
                                                  /home/bdang/toolchains/gcc-arm-none-eabi-14.3/bin/../lib/gcc/arm-none-eabi/14.3.1/../../../../arm-none-eabi/lib/thumb/v7e-m+fp/hard/libc_nano.a(libc_a-findfp.o)
__sseek                                           /home/bdang/toolchains/gcc-arm-none-eabi-14.3/bin/../lib/gcc/arm-none-eabi/14.3.1/../../../../arm-none-eabi/lib/thumb/v7e-m+fp/hard/libc_nano.a(libc_a-stdio.o)
                                                  /home/bdang/toolchains/gcc-arm-none-eabi-14.3/bin/../lib/gcc/arm-none-eabi/14.3.1/../../../../arm-none-eabi/lib/thumb/v7e-m+fp/hard/libc_nano.a(libc_a-findfp.o)
__stack                                           /home/bdang/toolchains/gcc-arm-none-eabi-14.3/bin/../lib/gcc/arm-none-eabi/14.3.1/../../../../arm-none-eabi/lib/thumb/v7e-m+fp/hard/crt0.o
__stdio_exit_handler                              /home/bdang/toolchains/gcc-arm-none-eabi-14.3/bin/../lib/gcc/arm-none-eabi/14.3.1/../../../../arm-none-eabi/lib/thumb/v7e-m+fp/hard/libc_nano.a(libc_a-findfp.o)
                                                  /home/bdang/toolchains/gcc-arm-none-eabi-14.3/bin/../lib/gcc/arm-none-eabi/14.3.1/../../../../arm-none-eabi/lib/thumb/v7e-m+fp/hard/libc_nano.a(libc_a-exit.o)
__swrite                                          /home/bdang/toolchains/gcc-arm-none-eabi-14.3/bin/../lib/gcc/arm-none-eabi/14.3.1/../../../../arm-none-eabi/lib/thumb/v7e-m+fp/hard/libc_nano.a(libc_a-stdio.o)
                                                  /home/bdang/toolchains/gcc-arm-none-eabi-14.3/bin/../lib/gcc/arm-none-eabi/14.3.1/../../../../arm-none-eabi/lib/thumb/v7e-m+fp/hard/libc_nano.a(libc_a-findfp.o)
_close                                            /home/bdang/toolchains/gcc-arm-none-eabi-14.3/bin/../lib/gcc/arm-none-eabi/14.3.1/../../../../arm-none-eabi/lib/thumb/v7e-m+fp/hard/libnosys.a(close.o)
                                                  /home/bdang/toolchains/gcc-arm-none-eabi-14.3/bin/../lib/gcc/arm-none-eabi/14.3.1/../../../../arm-none-eabi/lib/thumb/v7e-m+fp/hard/libc_nano.a(libc_a-closer.o)
_close_r                                          /home/bdang/toolchains/gcc-arm-none-eabi-14.3/bin/../lib/gcc/arm-none-eabi/14.3.1/../../../../arm-none-eabi/lib/thumb/v7e-m+fp/hard/libc_nano.a(libc_a-closer.o)
                                                  /home/bdang/toolchains/gcc-arm-none-eabi-14.3/bin/../lib/gcc/arm-none-eabi/14.3.1/../../../../arm-none-eabi/lib/thumb/v7e-m+fp/hard/libc_nano.a(libc_a-stdio.o)
_ebss                                             build/startup.o
_edata                                            build/startup.o
_estack                                           build/startup.o
_exit                                             /home/bdang/toolchains/gcc-arm-none-eabi-14.3/bin/../lib/gcc/arm-none-eabi/14.3.1/../../../../arm-none-eabi/lib/thumb/v7e-m+fp/hard/libnosys.a(_exit.o)
                                                  /home/bdang/toolchains/gcc-arm-none-eabi-14.3/bin/../lib/gcc/arm-none-eabi/14.3.1/../../../../arm-none-eabi/lib/thumb/v7e-m+fp/hard/libc_nano.a(libc_a-exit.o)
_fflush_r                                         /home/bdang/toolchains/gcc-arm-none-eabi-14.3/bin/../lib/gcc/arm-none-eabi/14.3.1/../../../../arm-none-eabi/lib/thumb/v7e-m+fp/hard/libc_nano.a(libc_a-fflush.o)
                                                  /home/bdang/toolchains/gcc-arm-none-eabi-14.3/bin/../lib/gcc/arm-none-eabi/14.3.1/../../../../arm-none-eabi/lib/thumb/v7e-m+fp/hard/libc_nano.a(libc_a-findfp.o)
_fini                                             /home/bdang/toolchains/gcc-arm-none-eabi-14.3/bin/../lib/gcc/arm-none-eabi/14.3.1/thumb/v7e-m+fp/hard/crti.o
_free_r                                           /home/bdang/toolchains/gcc-arm-none-eabi-14.3/bin/../lib/gcc/arm-none-eabi/14.3.1/../../../../arm-none-eabi/lib/thumb/v7e-m+fp/hard/libc_nano.a(libc_a-freer.o)
                                                  /home/bdang/toolchains/gcc-arm-none-eabi-14.3/bin/../lib/gcc/arm-none-eabi/14.3.1/../../../../arm-none-eabi/lib/thumb/v7e-m+fp/hard/libc_nano.a(libc_a-fflush.o)
                                                  /home/bdang/toolchains/gcc-arm-none-eabi-14.3/bin/../lib/gcc/arm-none-eabi/14.3.1/../../../../arm-none-eabi/lib/thumb/v7e-m+fp/hard/libc_nano.a(libc_a-reent.o)
_fwalk_sglue                                      /home/bdang/toolchains/gcc-arm-none-eabi-14.3/bin/../lib/gcc/arm-none-eabi/14.3.1/../../../../arm-none-eabi/lib/thumb/v7e-m+fp/hard/libc_nano.a(libc_a-fwalk.o)
                                                  /home/bdang/toolchains/gcc-arm-none-eabi-14.3/bin/../lib/gcc/arm-none-eabi/14.3.1/../../../../arm-none-eabi/lib/thumb/v7e-m+fp/hard/libc_nano.a(libc_a-fflush.o)
                                                  /home/bdang/toolchains/gcc-arm-none-eabi-14.3/bin/../lib/gcc/arm-none-eabi/14.3.1/../../../../arm-none-eabi/lib/thumb/v7e-m+fp/hard/libc_nano.a(libc_a-findfp.o)
_impure_data                                      /home/bdang/toolchains/gcc-arm-none-eabi-14.3/bin/../lib/gcc/arm-none-eabi/14.3.1/../../../../arm-none-eabi/lib/thumb/v7e-m+fp/hard/libc_nano.a(libc_a-impure.o)
                                                  /home/bdang/toolchains/gcc-arm-none-eabi-14.3/bin/../lib/gcc/arm-none-eabi/14.3.1/../../../../arm-none-eabi/lib/thumb/v7e-m+fp/hard/libc_nano.a(libc_a-fflush.o)
                                                  /home/bdang/toolchains/gcc-arm-none-eabi-14.3/bin/../lib/gcc/arm-none-eabi/14.3.1/../../../../arm-none-eabi/lib/thumb/v7e-m+fp/hard/libc_nano.a(libc_a-findfp.o)
_impure_ptr                                       /home/bdang/toolchains/gcc-arm-none-eabi-14.3/bin/../lib/gcc/arm-none-eabi/14.3.1/../../../../arm-none-eabi/lib/thumb/v7e-m+fp/hard/libc_nano.a(libc_a-impure.o)
                                                  /home/bdang/toolchains/gcc-arm-none-eabi-14.3/bin/../lib/gcc/arm-none-eabi/14.3.1/../../../../arm-none-eabi/lib/thumb/v7e-m+fp/hard/libc_nano.a(libc_a-fflush.o)
                                                  /home/bdang/toolchains/gcc-arm-none-eabi-14.3/bin/../lib/gcc/arm-none-eabi/14.3.1/../../../../arm-none-eabi/lib/thumb/v7e-m+fp/hard/libc_nano.a(libc_a-reent.o)
_init                                             /home/bdang/toolchains/gcc-arm-none-eabi-14.3/bin/../lib/gcc/arm-none-eabi/14.3.1/thumb/v7e-m+fp/hard/crti.o
                                                  /home/bdang/toolchains/gcc-arm-none-eabi-14.3/bin/../lib/gcc/arm-none-eabi/14.3.1/../../../../arm-none-eabi/lib/thumb/v7e-m+fp/hard/libc_nano.a(libc_a-init.o)
_lseek                                            /home/bdang/toolchains/gcc-arm-none-eabi-14.3/bin/../lib/gcc/arm-none-eabi/14.3.1/../../../../arm-none-eabi/lib/thumb/v7e-m+fp/hard/libnosys.a(lseek.o)
                                                  /home/bdang/toolchains/gcc-arm-none-eabi-14.3/bin/../lib/gcc/arm-none-eabi/14.3.1/../../../../arm-none-eabi/lib/thumb/v7e-m+fp/hard/libc_nano.a(libc_a-lseekr.o)
_lseek_r                                          /home/bdang/toolchains/gcc-arm-none-eabi-14.3/bin/../lib/gcc/arm-none-eabi/14.3.1/../../../../arm-none-eabi/lib/thumb/v7e-m+fp/hard/libc_nano.a(libc_a-lseekr.o)
                                                  /home/bdang/toolchains/gcc-arm-none-eabi-14.3/bin/../lib/gcc/arm-none-eabi/14.3.1/../../../../arm-none-eabi/lib/thumb/v7e-m+fp/hard/libc_nano.a(libc_a-stdio.o)
_mainCRTStartup                                   /home/bdang/toolchains/gcc-arm-none-eabi-14.3/bin/../lib/gcc/arm-none-eabi/14.3.1/../../../../arm-none-eabi/lib/thumb/v7e-m+fp/hard/crt0.o
_malloc_r                                         /home/bdang/toolchains/gcc-arm-none-eabi-14.3/bin/../lib/gcc/arm-none-eabi/14.3.1/../../../../arm-none-eabi/lib/thumb/v7e-m+fp/hard/libc_nano.a(libc_a-mallocr.o)
                                                  /home/bdang/toolchains/gcc-arm-none-eabi-14.3/bin/../lib/gcc/arm-none-eabi/14.3.1/../../../../arm-none-eabi/lib/thumb/v7e-m+fp/hard/libc_nano.a(libc_a-findfp.o)
_read                                             /home/bdang/toolchains/gcc-arm-none-eabi-14.3/bin/../lib/gcc/arm-none-eabi/14.3.1/../../../../arm-none-eabi/lib/thumb/v7e-m+fp/hard/libnosys.a(read.o)
                                                  /home/bdang/toolchains/gcc-arm-none-eabi-14.3/bin/../lib/gcc/arm-none-eabi/14.3.1/../../../../arm-none-eabi/lib/thumb/v7e-m+fp/hard/libc_nano.a(libc_a-readr.o)
_read_r                                           /home/bdang/toolchains/gcc-arm-none-eabi-14.3/bin/../lib/gcc/arm-none-eabi/14.3.1/../../../../arm-none-eabi/lib/thumb/v7e-m+fp/hard/libc_nano.a(libc_a-readr.o)
                                                  /home/bdang/toolchains/gcc-arm-none-eabi-14.3/bin/../lib/gcc/arm-none-eabi/14.3.1/../../../../arm-none-eabi/lib/thumb/v7e-m+fp/hard/libc_nano.a(libc_a-stdio.o)
_reclaim_reent                                    /home/bdang/toolchains/gcc-arm-none-eabi-14.3/bin/../lib/gcc/arm-none-eabi/14.3.1/../../../../arm-none-eabi/lib/thumb/v7e-m+fp/hard/libc_nano.a(libc_a-reent.o)
_sbrk                                             /home/bdang/toolchains/gcc-arm-none-eabi-14.3/bin/../lib/gcc/arm-none-eabi/14.3.1/../../../../arm-none-eabi/lib/thumb/v7e-m+fp/hard/libnosys.a(sbrk.o)
                                                  /home/bdang/toolchains/gcc-arm-none-eabi-14.3/bin/../lib/gcc/arm-none-eabi/14.3.1/../../../../arm-none-eabi/lib/thumb/v7e-m+fp/hard/libc_nano.a(libc_a-sbrkr.o)
_sbrk_r                                           /home/bdang/toolchains/gcc-arm-none-eabi-14.3/bin/../lib/gcc/arm-none-eabi/14.3.1/../../../../arm-none-eabi/lib/thumb/v7e-m+fp/hard/libc_nano.a(libc_a-sbrkr.o)
                                                  /home/bdang/toolchains/gcc-arm-none-eabi-14.3/bin/../lib/gcc/arm-none-eabi/14.3.1/../../../../arm-none-eabi/lib/thumb/v7e-m+fp/hard/libc_nano.a(libc_a-mallocr.o)
_sbss                                             build/startup.o
_sdata                                            build/startup.o
_sidata                                           build/startup.o
_stack_init                                       /home/bdang/toolchains/gcc-arm-none-eabi-14.3/bin/../lib/gcc/arm-none-eabi/14.3.1/../../../../arm-none-eabi/lib/thumb/v7e-m+fp/hard/crt0.o
_start                                            /home/bdang/toolchains/gcc-arm-none-eabi-14.3/bin/../lib/gcc/arm-none-eabi/14.3.1/../../../../arm-none-eabi/lib/thumb/v7e-m+fp/hard/crt0.o
_write                                            /home/bdang/toolchains/gcc-arm-none-eabi-14.3/bin/../lib/gcc/arm-none-eabi/14.3.1/../../../../arm-none-eabi/lib/thumb/v7e-m+fp/hard/libnosys.a(write.o)
                                                  /home/bdang/toolchains/gcc-arm-none-eabi-14.3/bin/../lib/gcc/arm-none-eabi/14.3.1/../../../../arm-none-eabi/lib/thumb/v7e-m+fp/hard/libc_nano.a(libc_a-writer.o)
_write_r                                          /home/bdang/toolchains/gcc-arm-none-eabi-14.3/bin/../lib/gcc/arm-none-eabi/14.3.1/../../../../arm-none-eabi/lib/thumb/v7e-m+fp/hard/libc_nano.a(libc_a-writer.o)
                                                  /home/bdang/toolchains/gcc-arm-none-eabi-14.3/bin/../lib/gcc/arm-none-eabi/14.3.1/../../../../arm-none-eabi/lib/thumb/v7e-m+fp/hard/libc_nano.a(libc_a-stdio.o)
atexit                                            /home/bdang/toolchains/gcc-arm-none-eabi-14.3/bin/../lib/gcc/arm-none-eabi/14.3.1/../../../../arm-none-eabi/lib/thumb/v7e-m+fp/hard/crt0.o
end                                               /home/bdang/toolchains/gcc-arm-none-eabi-14.3/bin/../lib/gcc/arm-none-eabi/14.3.1/../../../../arm-none-eabi/lib/thumb/v7e-m+fp/hard/libnosys.a(sbrk.o)
errno                                             /home/bdang/toolchains/gcc-arm-none-eabi-14.3/bin/../lib/gcc/arm-none-eabi/14.3.1/../../../../arm-none-eabi/lib/thumb/v7e-m+fp/hard/libc_nano.a(libc_a-reent.o)
                                                  /home/bdang/toolchains/gcc-arm-none-eabi-14.3/bin/../lib/gcc/arm-none-eabi/14.3.1/../../../../arm-none-eabi/lib/thumb/v7e-m+fp/hard/libnosys.a(write.o)
                                                  /home/bdang/toolchains/gcc-arm-none-eabi-14.3/bin/../lib/gcc/arm-none-eabi/14.3.1/../../../../arm-none-eabi/lib/thumb/v7e-m+fp/hard/libnosys.a(read.o)
                                                  /home/bdang/toolchains/gcc-arm-none-eabi-14.3/bin/../lib/gcc/arm-none-eabi/14.3.1/../../../../arm-none-eabi/lib/thumb/v7e-m+fp/hard/libnosys.a(lseek.o)
                                                  /home/bdang/toolchains/gcc-arm-none-eabi-14.3/bin/../lib/gcc/arm-none-eabi/14.3.1/../../../../arm-none-eabi/lib/thumb/v7e-m+fp/hard/libnosys.a(close.o)
                                                  /home/bdang/toolchains/gcc-arm-none-eabi-14.3/bin/../lib/gcc/arm-none-eabi/14.3.1/../../../../arm-none-eabi/lib/thumb/v7e-m+fp/hard/libc_nano.a(libc_a-sbrkr.o)
                                                  /home/bdang/toolchains/gcc-arm-none-eabi-14.3/bin/../lib/gcc/arm-none-eabi/14.3.1/../../../../arm-none-eabi/lib/thumb/v7e-m+fp/hard/libc_nano.a(libc_a-writer.o)
                                                  /home/bdang/toolchains/gcc-arm-none-eabi-14.3/bin/../lib/gcc/arm-none-eabi/14.3.1/../../../../arm-none-eabi/lib/thumb/v7e-m+fp/hard/libc_nano.a(libc_a-readr.o)
                                                  /home/bdang/toolchains/gcc-arm-none-eabi-14.3/bin/../lib/gcc/arm-none-eabi/14.3.1/../../../../arm-none-eabi/lib/thumb/v7e-m+fp/hard/libc_nano.a(libc_a-lseekr.o)
                                                  /home/bdang/toolchains/gcc-arm-none-eabi-14.3/bin/../lib/gcc/arm-none-eabi/14.3.1/../../../../arm-none-eabi/lib/thumb/v7e-m+fp/hard/libc_nano.a(libc_a-closer.o)
exit                                              /home/bdang/toolchains/gcc-arm-none-eabi-14.3/bin/../lib/gcc/arm-none-eabi/14.3.1/../../../../arm-none-eabi/lib/thumb/v7e-m+fp/hard/libc_nano.a(libc_a-exit.o)
                                                  /home/bdang/toolchains/gcc-arm-none-eabi-14.3/bin/../lib/gcc/arm-none-eabi/14.3.1/../../../../arm-none-eabi/lib/thumb/v7e-m+fp/hard/crt0.o
fflush                                            /home/bdang/toolchains/gcc-arm-none-eabi-14.3/bin/../lib/gcc/arm-none-eabi/14.3.1/../../../../arm-none-eabi/lib/thumb/v7e-m+fp/hard/libc_nano.a(libc_a-fflush.o)
g_pfnVectors                                      build/startup.o
hardware_init_hook                                /home/bdang/toolchains/gcc-arm-none-eabi-14.3/bin/../lib/gcc/arm-none-eabi/14.3.1/../../../../arm-none-eabi/lib/thumb/v7e-m+fp/hard/crt0.o
main                                              build/bootloader.o
                                                  build/startup.o
                                                  /home/bdang/toolchains/gcc-arm-none-eabi-14.3/bin/../lib/gcc/arm-none-eabi/14.3.1/../../../../arm-none-eabi/lib/thumb/v7e-m+fp/hard/crt0.o
memset                                            /home/bdang/toolchains/gcc-arm-none-eabi-14.3/bin/../lib/gcc/arm-none-eabi/14.3.1/../../../../arm-none-eabi/lib/thumb/v7e-m+fp/hard/libc_nano.a(libc_a-memset.o)
                                                  /home/bdang/toolchains/gcc-arm-none-eabi-14.3/bin/../lib/gcc/arm-none-eabi/14.3.1/../../../../arm-none-eabi/lib/thumb/v7e-m+fp/hard/libc_nano.a(libc_a-findfp.o)
                                                  /home/bdang/toolchains/gcc-arm-none-eabi-14.3/bin/../lib/gcc/arm-none-eabi/14.3.1/../../../../arm-none-eabi/lib/thumb/v7e-m+fp/hard/crt0.o
software_init_hook                                /home/bdang/toolchains/gcc-arm-none-eabi-14.3/bin/../lib/gcc/arm-none-eabi/14.3.1/../../../../arm-none-eabi/lib/thumb/v7e-m+fp/hard/crt0.o
